Component: ARM Compiler 5.06 update 6 (build 750) Tool: armlink [4d35ed]

==============================================================================

Section Cross References

    exercise10.o(MyCode) refers to start.o(Start) for Startup
    exercise10.o(MyCode) refers to exercise10.o(MyData) for StopWatchRecord
    exercise10.o(MyCode) refers to exercise10.o(MyConst) for newline
    exercise10.o(RESET) refers to start.o(.ARM.__at_0x1FFFFC00) for __initial_sp
    exercise10.o(RESET) refers to exercise10.o(MyCode) for Reset_Handler
    exercise10.o(RESET) refers to start.o(Start) for Dummy_Handler


==============================================================================

Image Symbol Table

    Local Symbols

    Symbol Name                              Value     Ov Type        Size  Object(Section)

    RESET                                    0x00000000   Section      192  exercise10.o(RESET)
    Exercise10.s                             0x00000000   Number         0  exercise10.o ABSOLUTE
    MKL05Z4.s                                0x00000000   Number         0  mkl05z4.o ABSOLUTE
    Start.s                                  0x00000000   Number         0  start.o ABSOLUTE
    .ARM.__at_0xC0                           0x000000c0   Section       64  start.o(.ARM.__at_0xC0)
    Start                                    0x00000100   Section      196  start.o(Start)
    SystemInit                               0x0000010f   Thumb Code    54  start.o(Start)
    SetClock48MHz                            0x00000145   Thumb Code    82  start.o(Start)
    MyConst                                  0x000001c4   Section      216  exercise10.o(MyConst)
    prompt                                   0x000001f2   Data           2  exercise10.o(MyConst)
    display                                  0x000001f4   Data          18  exercise10.o(MyConst)
    newline                                  0x0000021d   Data           3  exercise10.o(MyConst)
    invalid                                  0x00000220   Data          33  exercise10.o(MyConst)
    help                                     0x00000258   Data          46  exercise10.o(MyConst)
    .ARM.__at_0x400                          0x00000400   Section       16  start.o(.ARM.__at_0x400)
    MyCode                                   0x00000410   Section     1300  exercise10.o(MyCode)
    HandleCommand                            0x00000451   Thumb Code   162  exercise10.o(MyCode)
    printf                                   0x000004f3   Thumb Code   150  exercise10.o(MyCode)
    InitQueue                                0x00000589   Thumb Code    22  exercise10.o(MyCode)
    Enqueue                                  0x0000059f   Thumb Code    64  exercise10.o(MyCode)
    Dequeue                                  0x000005df   Thumb Code    62  exercise10.o(MyCode)
    PutNumHex                                0x0000061d   Thumb Code    38  exercise10.o(MyCode)
    PutDigHex                                0x00000643   Thumb Code    22  exercise10.o(MyCode)
    PutNumUB                                 0x00000659   Thumb Code    12  exercise10.o(MyCode)
    PutNumU                                  0x00000665   Thumb Code    50  exercise10.o(MyCode)
    DIVU                                     0x00000697   Thumb Code    88  exercise10.o(MyCode)
    PutChar                                  0x000006ef   Thumb Code    22  exercise10.o(MyCode)
    GetChar                                  0x00000705   Thumb Code    16  exercise10.o(MyCode)
    UART0_ISR                                0x00000715   Thumb Code    62  exercise10.o(MyCode)
    PIT_ISR                                  0x00000753   Thumb Code    22  exercise10.o(MyCode)
    PutStringSB                              0x00000769   Thumb Code    32  exercise10.o(MyCode)
    Init_UART0_IRQ                           0x00000789   Thumb Code   148  exercise10.o(MyCode)
    Init_PIT_IRQ                             0x0000081d   Thumb Code    74  exercise10.o(MyCode)
    .ARM.__at_0x1FFFFC00                     0x1ffffc00   Section      256  start.o(.ARM.__at_0x1FFFFC00)
    MyData                                   0x1ffffd00   Section      112  exercise10.o(MyData)
    RxQueue                                  0x1ffffd00   Data          18  exercise10.o(MyData)
    TxQueue                                  0x1ffffd14   Data          18  exercise10.o(MyData)
    printf_static                            0x1ffffd28   Data          20  exercise10.o(MyData)
    StopWatchRecord                          0x1ffffd3c   Data           5  exercise10.o(MyData)
    RxBuffer                                 0x1ffffd41   Data           5  exercise10.o(MyData)
    TxBuffer                                 0x1ffffd46   Data          40  exercise10.o(MyData)

    Global Symbols

    Symbol Name                              Value     Ov Type        Size  Object(Section)

    BuildAttributes$$THM_ISAv3M$S$PE$A:L22$X:L11$S22$IEEE1$IW$USESV6$~STKCKD$USESV7$~SHL$OSPACE$EBA8$STANDARDLIB$EABIv2 0x00000000   Number         0  anon$$obj.o ABSOLUTE
    __Vectors                                0x00000000   Data           0  exercise10.o(RESET)
    __Vectors_End                            0x000000c0   Data           0  exercise10.o(RESET)
    __Vectors_Size                           0x000000c0   Number         0  exercise10.o ABSOLUTE
    Startup                                  0x00000101   Thumb Code    14  start.o(Start)
    Dummy_Handler                            0x00000199   Thumb Code     4  start.o(Start)
    HardFault_Handler                        0x00000199   Thumb Code     0  start.o(Start)
    Reset_Handler                            0x00000411   Thumb Code    50  exercise10.o(MyCode)
    __initial_sp                             0x1ffffd00   Data           0  start.o(.ARM.__at_0x1FFFFC00)



==============================================================================

Memory Map of the image

  Image Entry point : 0x00000411

  Load Region LR_1 (Base: 0x00000000, Size: 0x00000a94, Max: 0xffffffff, ABSOLUTE)

    Execution Region ER_RO (Exec base: 0x00000000, Load base: 0x00000000, Size: 0x00000924, Max: 0xffffffff, ABSOLUTE)

    Exec Addr    Load Addr    Size         Type   Attr      Idx    E Section Name        Object

    0x00000000   0x00000000   0x000000c0   Data   RO           13    RESET               exercise10.o
    0x000000c0   0x000000c0   0x00000040   Data   RO            2    .ARM.__at_0xC0      start.o
    0x00000100   0x00000100   0x000000c4   Code   RO            1    Start               start.o
    0x000001c4   0x000001c4   0x000000d8   Data   RO           14    MyConst             exercise10.o
    0x0000029c   0x0000029c   0x00000164   PAD
    0x00000400   0x00000400   0x00000010   Code   RO            3    .ARM.__at_0x400     start.o
    0x00000410   0x00000410   0x00000514   Code   RO           12  * MyCode              exercise10.o


    Execution Region ER_RW (Exec base: 0x1ffffc00, Load base: 0x00000924, Size: 0x00000170, Max: 0xffffffff, ABSOLUTE)

    Exec Addr    Load Addr    Size         Type   Attr      Idx    E Section Name        Object

    0x1ffffc00   0x00000924   0x00000100   Data   RW            4    .ARM.__at_0x1FFFFC00  start.o
    0x1ffffd00   0x00000a24   0x00000070   Data   RW           15    MyData              exercise10.o


    Execution Region ER_ZI (Exec base: 0x1ffffd70, Load base: 0x00000a94, Size: 0x00000000, Max: 0xffffffff, ABSOLUTE)

    **** No section assigned to this execution region ****


==============================================================================

Image component sizes


      Code (inc. data)   RO Data    RW Data    ZI Data      Debug   Object Name

      1300        204        408        112          0       1632   exercise10.o
       212         58         64        256          0        784   start.o

    ----------------------------------------------------------------------
      1512        262        828        368          0       2416   Object Totals
         0          0          0          0          0          0   (incl. Generated)
         0          0        356          0          0          0   (incl. Padding)

    ----------------------------------------------------------------------
         0          0          0          0          0          0   Library Totals
         0          0          0          0          0          0   (incl. Padding)

    ----------------------------------------------------------------------

==============================================================================


      Code (inc. data)   RO Data    RW Data    ZI Data      Debug   

      1512        262        828        368          0       2364   Grand Totals
      1512        262        828        368          0       2364   ELF Image Totals
      1512        262        828        368          0          0   ROM Totals

==============================================================================

    Total RO  Size (Code + RO Data)                 2340 (   2.29kB)
    Total RW  Size (RW Data + ZI Data)               368 (   0.36kB)
    Total ROM Size (Code + RO Data + RW Data)       2708 (   2.64kB)

==============================================================================

