Component: ARM Compiler 5.06 update 6 (build 750) Tool: armlink [4d35ed]

==============================================================================

Section Cross References

    exercise08.o(MyCode) refers to start.o(Start) for Startup
    exercise08.o(MyCode) refers to exercise08.o(MyConst) for newline
    exercise08.o(MyCode) refers to exercise08.o(MyData) for number_1
    exercise08.o(RESET) refers to start.o(.ARM.__at_0x1FFFFC00) for __initial_sp
    exercise08.o(RESET) refers to exercise08.o(MyCode) for Reset_Handler
    exercise08.o(RESET) refers to start.o(Start) for Dummy_Handler


==============================================================================

Image Symbol Table

    Local Symbols

    Symbol Name                              Value     Ov Type        Size  Object(Section)

    RESET                                    0x00000000   Section      192  exercise08.o(RESET)
    Exercise08.s                             0x00000000   Number         0  exercise08.o ABSOLUTE
    MKL05Z4.s                                0x00000000   Number         0  mkl05z4.o ABSOLUTE
    Start.s                                  0x00000000   Number         0  start.o ABSOLUTE
    .ARM.__at_0xC0                           0x000000c0   Section       64  start.o(.ARM.__at_0xC0)
    Start                                    0x00000100   Section      196  start.o(Start)
    SystemInit                               0x0000010f   Thumb Code    54  start.o(Start)
    SetClock48MHz                            0x00000145   Thumb Code    82  start.o(Start)
    MyConst                                  0x000001c4   Section      198  exercise08.o(MyConst)
    prompt_1                                 0x000001c4   Data          37  exercise08.o(MyConst)
    prompt_2                                 0x000001e9   Data          37  exercise08.o(MyConst)
    prompt_e                                 0x0000020e   Data          37  exercise08.o(MyConst)
    sum                                      0x00000233   Data          37  exercise08.o(MyConst)
    invalid                                  0x00000258   Data          33  exercise08.o(MyConst)
    overflow                                 0x00000279   Data           9  exercise08.o(MyConst)
    newline                                  0x00000282   Data           3  exercise08.o(MyConst)
    .ARM.__at_0x400                          0x00000400   Section       16  start.o(.ARM.__at_0x400)
    MyCode                                   0x00000410   Section     1112  exercise08.o(MyCode)
    AddIntMultiU                             0x0000049d   Thumb Code    56  exercise08.o(MyCode)
    GetHexMulti                              0x000004d5   Thumb Code   116  exercise08.o(MyCode)
    PutNumHexMulti                           0x00000549   Thumb Code    26  exercise08.o(MyCode)
    PutNumHex                                0x00000563   Thumb Code    38  exercise08.o(MyCode)
    PutDigHex                                0x00000589   Thumb Code    22  exercise08.o(MyCode)
    ToUpper                                  0x0000059f   Thumb Code    12  exercise08.o(MyCode)
    FromHex                                  0x000005ab   Thumb Code    66  exercise08.o(MyCode)
    PutChar                                  0x000005ed   Thumb Code    18  exercise08.o(MyCode)
    GetChar                                  0x000005ff   Thumb Code    18  exercise08.o(MyCode)
    GetStringSB                              0x00000611   Thumb Code    48  exercise08.o(MyCode)
    PutStringSB                              0x00000641   Thumb Code    32  exercise08.o(MyCode)
    Init_UART0_Polling                       0x00000661   Thumb Code   108  exercise08.o(MyCode)
    printf                                   0x000006cd   Thumb Code   148  exercise08.o(MyCode)
    PutNumUB                                 0x00000761   Thumb Code    12  exercise08.o(MyCode)
    PutNumU                                  0x0000076d   Thumb Code    50  exercise08.o(MyCode)
    DIVU                                     0x0000079f   Thumb Code    88  exercise08.o(MyCode)
    .ARM.__at_0x1FFFFC00                     0x1ffffc00   Section      256  start.o(.ARM.__at_0x1FFFFC00)
    MyData                                   0x1ffffd00   Section       68  exercise08.o(MyData)
    number_1                                 0x1ffffd00   Data          16  exercise08.o(MyData)
    number_2                                 0x1ffffd10   Data          16  exercise08.o(MyData)
    result                                   0x1ffffd20   Data          16  exercise08.o(MyData)
    printf_static                            0x1ffffd30   Data          20  exercise08.o(MyData)

    Global Symbols

    Symbol Name                              Value     Ov Type        Size  Object(Section)

    BuildAttributes$$THM_ISAv3M$S$PE$A:L22$X:L11$S22$IEEE1$IW$USESV6$~STKCKD$USESV7$~SHL$OSPACE$EBA8$STANDARDLIB$EABIv2 0x00000000   Number         0  anon$$obj.o ABSOLUTE
    __Vectors                                0x00000000   Data           0  exercise08.o(RESET)
    __Vectors_End                            0x000000c0   Data           0  exercise08.o(RESET)
    __Vectors_Size                           0x000000c0   Number         0  exercise08.o ABSOLUTE
    Startup                                  0x00000101   Thumb Code    14  start.o(Start)
    Dummy_Handler                            0x00000199   Thumb Code     2  start.o(Start)
    HardFault_Handler                        0x00000199   Thumb Code     0  start.o(Start)
    Reset_Handler                            0x00000411   Thumb Code   140  exercise08.o(MyCode)
    __initial_sp                             0x1ffffd00   Data           0  start.o(.ARM.__at_0x1FFFFC00)



==============================================================================

Memory Map of the image

  Image Entry point : 0x00000411

  Load Region LR_1 (Base: 0x00000000, Size: 0x000009ac, Max: 0xffffffff, ABSOLUTE)

    Execution Region ER_RO (Exec base: 0x00000000, Load base: 0x00000000, Size: 0x00000868, Max: 0xffffffff, ABSOLUTE)

    Exec Addr    Load Addr    Size         Type   Attr      Idx    E Section Name        Object

    0x00000000   0x00000000   0x000000c0   Data   RO           13    RESET               exercise08.o
    0x000000c0   0x000000c0   0x00000040   Data   RO            2    .ARM.__at_0xC0      start.o
    0x00000100   0x00000100   0x000000c4   Code   RO            1    Start               start.o
    0x000001c4   0x000001c4   0x000000c6   Data   RO           14    MyConst             exercise08.o
    0x0000028a   0x0000028a   0x00000176   PAD
    0x00000400   0x00000400   0x00000010   Code   RO            3    .ARM.__at_0x400     start.o
    0x00000410   0x00000410   0x00000458   Code   RO           12  * MyCode              exercise08.o


    Execution Region ER_RW (Exec base: 0x1ffffc00, Load base: 0x00000868, Size: 0x00000144, Max: 0xffffffff, ABSOLUTE)

    Exec Addr    Load Addr    Size         Type   Attr      Idx    E Section Name        Object

    0x1ffffc00   0x00000868   0x00000100   Data   RW            4    .ARM.__at_0x1FFFFC00  start.o
    0x1ffffd00   0x00000968   0x00000044   Data   RW           15    MyData              exercise08.o


    Execution Region ER_ZI (Exec base: 0x1ffffd44, Load base: 0x000009ac, Size: 0x00000000, Max: 0xffffffff, ABSOLUTE)

    **** No section assigned to this execution region ****


==============================================================================

Image component sizes


      Code (inc. data)   RO Data    RW Data    ZI Data      Debug   Object Name

      1112        114        390         68          0       1656   exercise08.o
       212         60         64        256          0        776   start.o

    ----------------------------------------------------------------------
      1324        174        828        324          0       2432   Object Totals
         0          0          0          0          0          0   (incl. Generated)
         0          0        374          0          0          0   (incl. Padding)

    ----------------------------------------------------------------------
         0          0          0          0          0          0   Library Totals
         0          0          0          0          0          0   (incl. Padding)

    ----------------------------------------------------------------------

==============================================================================


      Code (inc. data)   RO Data    RW Data    ZI Data      Debug   

      1324        174        828        324          0       2380   Grand Totals
      1324        174        828        324          0       2380   ELF Image Totals
      1324        174        828        324          0          0   ROM Totals

==============================================================================

    Total RO  Size (Code + RO Data)                 2152 (   2.10kB)
    Total RW  Size (RW Data + ZI Data)               324 (   0.32kB)
    Total ROM Size (Code + RO Data + RW Data)       2476 (   2.42kB)

==============================================================================

