Component: ARM Compiler 5.06 update 6 (build 750) Tool: armlink [4d35ed]

==============================================================================

Section Cross References

    exercise06.o(MyCode) refers to start.o(Start) for Startup
    exercise06.o(RESET) refers to start.o(.ARM.__at_0x1FFFFC00) for __initial_sp
    exercise06.o(RESET) refers to exercise06.o(MyCode) for Reset_Handler
    exercise06.o(RESET) refers to start.o(Start) for Dummy_Handler


==============================================================================

Removing Unused input sections from the image.

    Removing exercise06.o(MyConst), (0 bytes).
    Removing exercise06.o(MyData), (0 bytes).

2 unused section(s) (total 0 bytes) removed from the image.

==============================================================================

Image Symbol Table

    Local Symbols

    Symbol Name                              Value     Ov Type        Size  Object(Section)

    RESET                                    0x00000000   Section      192  exercise06.o(RESET)
    Exercise06.s                             0x00000000   Number         0  exercise06.o ABSOLUTE
    MKL05Z4.s                                0x00000000   Number         0  mkl05z4.o ABSOLUTE
    Start.s                                  0x00000000   Number         0  start.o ABSOLUTE
    .ARM.__at_0xC0                           0x000000c0   Section       64  start.o(.ARM.__at_0xC0)
    MyCode                                   0x00000100   Section      216  exercise06.o(MyCode)
    PutChar                                  0x00000117   Thumb Code    18  exercise06.o(MyCode)
    GetChar                                  0x00000129   Thumb Code    18  exercise06.o(MyCode)
    Init_UART0_Polling                       0x0000013b   Thumb Code   108  exercise06.o(MyCode)
    Start                                    0x000001d8   Section      196  start.o(Start)
    SystemInit                               0x000001e7   Thumb Code    54  start.o(Start)
    SetClock48MHz                            0x0000021d   Thumb Code    82  start.o(Start)
    .ARM.__at_0x400                          0x00000400   Section       16  start.o(.ARM.__at_0x400)
    .ARM.__at_0x1FFFFC00                     0x1ffffc00   Section      256  start.o(.ARM.__at_0x1FFFFC00)

    Global Symbols

    Symbol Name                              Value     Ov Type        Size  Object(Section)

    BuildAttributes$$THM_ISAv3M$S$PE$A:L22$X:L11$S22$IEEE1$IW$USESV6$~STKCKD$USESV7$~SHL$OSPACE$EBA8$STANDARDLIB$EABIv2 0x00000000   Number         0  anon$$obj.o ABSOLUTE
    __Vectors                                0x00000000   Data           0  exercise06.o(RESET)
    __Vectors_End                            0x000000c0   Data           0  exercise06.o(RESET)
    __Vectors_Size                           0x000000c0   Number         0  exercise06.o ABSOLUTE
    Reset_Handler                            0x00000101   Thumb Code    22  exercise06.o(MyCode)
    Startup                                  0x000001d9   Thumb Code    14  start.o(Start)
    Dummy_Handler                            0x00000271   Thumb Code     2  start.o(Start)
    HardFault_Handler                        0x00000271   Thumb Code     0  start.o(Start)
    __initial_sp                             0x1ffffd00   Data           0  start.o(.ARM.__at_0x1FFFFC00)



==============================================================================

Memory Map of the image

  Image Entry point : 0x00000101

  Load Region LR_1 (Base: 0x00000000, Size: 0x00002110, Max: 0xffffffff, ABSOLUTE)

    Execution Region ER_RO (Exec base: 0x00000000, Load base: 0x00000000, Size: 0x00000410, Max: 0xffffffff, ABSOLUTE)

    Exec Addr    Load Addr    Size         Type   Attr      Idx    E Section Name        Object

    0x00000000   0x00000000   0x000000c0   Data   RO           13    RESET               exercise06.o
    0x000000c0   0x000000c0   0x00000040   Data   RO            2    .ARM.__at_0xC0      start.o
    0x00000100   0x00000100   0x000000d8   Code   RO           12  * MyCode              exercise06.o
    0x000001d8   0x000001d8   0x000000c4   Code   RO            1    Start               start.o
    0x0000029c   0x0000029c   0x00000164   PAD
    0x00000400   0x00000400   0x00000010   Code   RO            3    .ARM.__at_0x400     start.o


    Execution Region ER_RW (Exec base: 0x1fffe000, Load base: 0x00000410, Size: 0x00001d00, Max: 0xffffffff, ABSOLUTE)

    Exec Addr    Load Addr    Size         Type   Attr      Idx    E Section Name        Object

    0x1fffe000   0x00000410   0x00001c00   PAD
    0x1ffffc00   0x00002010   0x00000100   Data   RW            4    .ARM.__at_0x1FFFFC00  start.o


    Execution Region ER_ZI (Exec base: 0x1ffffd00, Load base: 0x00002110, Size: 0x00000000, Max: 0xffffffff, ABSOLUTE)

    **** No section assigned to this execution region ****


==============================================================================

Image component sizes


      Code (inc. data)   RO Data    RW Data    ZI Data      Debug   Object Name

       216         50        192          0          0        612   exercise06.o
       212         60         64        256          0        776   start.o

    ----------------------------------------------------------------------
       784        466        256       7424          0       1388   Object Totals
         0          0          0          0          0          0   (incl. Generated)
       356        356          0       7168          0          0   (incl. Padding)

    ----------------------------------------------------------------------
         0          0          0          0          0          0   Library Totals
         0          0          0          0          0          0   (incl. Padding)

    ----------------------------------------------------------------------

==============================================================================


      Code (inc. data)   RO Data    RW Data    ZI Data      Debug   

       784        466        256       7424          0       1336   Grand Totals
       784        466        256       7424          0       1336   ELF Image Totals
       784        466        256       7424          0          0   ROM Totals

==============================================================================

    Total RO  Size (Code + RO Data)                 1040 (   1.02kB)
    Total RW  Size (RW Data + ZI Data)              7424 (   7.25kB)
    Total ROM Size (Code + RO Data + RW Data)       8464 (   8.27kB)

==============================================================================

