Component: ARM Compiler 5.06 update 6 (build 750) Tool: armlink [4d35ed]

==============================================================================

Section Cross References

    exercise07.o(MyCode) refers to start.o(Start) for Startup
    exercise07.o(MyCode) refers to exercise07.o(MyData) for buffer
    exercise07.o(MyCode) refers to exercise07.o(MyConst) for newline
    exercise07.o(RESET) refers to start.o(.ARM.__at_0x1FFFFC00) for __initial_sp
    exercise07.o(RESET) refers to exercise07.o(MyCode) for Reset_Handler
    exercise07.o(RESET) refers to start.o(Start) for Dummy_Handler


==============================================================================

Image Symbol Table

    Local Symbols

    Symbol Name                              Value     Ov Type        Size  Object(Section)

    RESET                                    0x00000000   Section      192  exercise07.o(RESET)
    Exercise07.s                             0x00000000   Number         0  exercise07.o ABSOLUTE
    MKL05Z4.s                                0x00000000   Number         0  mkl05z4.o ABSOLUTE
    Start.s                                  0x00000000   Number         0  start.o ABSOLUTE
    .ARM.__at_0xC0                           0x000000c0   Section       64  start.o(.ARM.__at_0xC0)
    Start                                    0x00000100   Section      196  start.o(Start)
    SystemInit                               0x0000010f   Thumb Code    54  start.o(Start)
    SetClock48MHz                            0x00000145   Thumb Code    82  start.o(Start)
    MyConst                                  0x000001c4   Section      248  exercise07.o(MyConst)
    prompt                                   0x000001c4   Data          34  exercise07.o(MyConst)
    prompt_en                                0x000001e6   Data          22  exercise07.o(MyConst)
    status                                   0x000001fc   Data          30  exercise07.o(MyConst)
    status_s                                 0x0000021a   Data           7  exercise07.o(MyConst)
    success                                  0x00000221   Data           8  exercise07.o(MyConst)
    failure                                  0x00000229   Data           8  exercise07.o(MyConst)
    newline                                  0x00000231   Data           3  exercise07.o(MyConst)
    invalid                                  0x00000234   Data          33  exercise07.o(MyConst)
    invalid_in                               0x00000255   Data          23  exercise07.o(MyConst)
    help                                     0x0000026c   Data          60  exercise07.o(MyConst)
    .ARM.__at_0x400                          0x00000400   Section       16  start.o(.ARM.__at_0x400)
    MyCode                                   0x00000410   Section     1080  exercise07.o(MyCode)
    HandleCommand                            0x00000453   Thumb Code   214  exercise07.o(MyCode)
    printf                                   0x00000529   Thumb Code   148  exercise07.o(MyCode)
    InitQueue                                0x000005bd   Thumb Code    22  exercise07.o(MyCode)
    Enqueue                                  0x000005d3   Thumb Code    64  exercise07.o(MyCode)
    Dequeue                                  0x00000613   Thumb Code    62  exercise07.o(MyCode)
    PutNumHex                                0x00000651   Thumb Code    38  exercise07.o(MyCode)
    PutDigHex                                0x00000677   Thumb Code    22  exercise07.o(MyCode)
    PutNumUB                                 0x0000068d   Thumb Code    12  exercise07.o(MyCode)
    PutNumU                                  0x00000699   Thumb Code    50  exercise07.o(MyCode)
    DIVU                                     0x000006cb   Thumb Code    88  exercise07.o(MyCode)
    PutChar                                  0x00000723   Thumb Code    18  exercise07.o(MyCode)
    GetChar                                  0x00000735   Thumb Code    18  exercise07.o(MyCode)
    PutStringSB                              0x00000747   Thumb Code    32  exercise07.o(MyCode)
    Init_UART0_Polling                       0x00000767   Thumb Code   108  exercise07.o(MyCode)
    .ARM.__at_0x1FFFFC00                     0x1ffffc00   Section      256  start.o(.ARM.__at_0x1FFFFC00)
    MyData                                   0x1ffffd00   Section       44  exercise07.o(MyData)
    queue                                    0x1ffffd00   Data          18  exercise07.o(MyData)
    buffer                                   0x1ffffd14   Data           4  exercise07.o(MyData)
    printf_static                            0x1ffffd18   Data          20  exercise07.o(MyData)

    Global Symbols

    Symbol Name                              Value     Ov Type        Size  Object(Section)

    BuildAttributes$$THM_ISAv3M$S$PE$A:L22$X:L11$S22$IEEE1$IW$USESV6$~STKCKD$USESV7$~SHL$OSPACE$EBA8$STANDARDLIB$EABIv2 0x00000000   Number         0  anon$$obj.o ABSOLUTE
    __Vectors                                0x00000000   Data           0  exercise07.o(RESET)
    __Vectors_End                            0x000000c0   Data           0  exercise07.o(RESET)
    __Vectors_Size                           0x000000c0   Number         0  exercise07.o ABSOLUTE
    Startup                                  0x00000101   Thumb Code    14  start.o(Start)
    Dummy_Handler                            0x00000199   Thumb Code     2  start.o(Start)
    HardFault_Handler                        0x00000199   Thumb Code     0  start.o(Start)
    Reset_Handler                            0x00000411   Thumb Code    66  exercise07.o(MyCode)
    __initial_sp                             0x1ffffd00   Data           0  start.o(.ARM.__at_0x1FFFFC00)



==============================================================================

Memory Map of the image

  Image Entry point : 0x00000411

  Load Region LR_1 (Base: 0x00000000, Size: 0x00000974, Max: 0xffffffff, ABSOLUTE)

    Execution Region ER_RO (Exec base: 0x00000000, Load base: 0x00000000, Size: 0x00000848, Max: 0xffffffff, ABSOLUTE)

    Exec Addr    Load Addr    Size         Type   Attr      Idx    E Section Name        Object

    0x00000000   0x00000000   0x000000c0   Data   RO           13    RESET               exercise07.o
    0x000000c0   0x000000c0   0x00000040   Data   RO            2    .ARM.__at_0xC0      start.o
    0x00000100   0x00000100   0x000000c4   Code   RO            1    Start               start.o
    0x000001c4   0x000001c4   0x000000f8   Data   RO           14    MyConst             exercise07.o
    0x000002bc   0x000002bc   0x00000144   PAD
    0x00000400   0x00000400   0x00000010   Code   RO            3    .ARM.__at_0x400     start.o
    0x00000410   0x00000410   0x00000438   Code   RO           12  * MyCode              exercise07.o


    Execution Region ER_RW (Exec base: 0x1ffffc00, Load base: 0x00000848, Size: 0x0000012c, Max: 0xffffffff, ABSOLUTE)

    Exec Addr    Load Addr    Size         Type   Attr      Idx    E Section Name        Object

    0x1ffffc00   0x00000848   0x00000100   Data   RW            4    .ARM.__at_0x1FFFFC00  start.o
    0x1ffffd00   0x00000948   0x0000002c   Data   RW           15    MyData              exercise07.o


    Execution Region ER_ZI (Exec base: 0x1ffffd2c, Load base: 0x00000974, Size: 0x00000000, Max: 0xffffffff, ABSOLUTE)

    **** No section assigned to this execution region ****


==============================================================================

Image component sizes


      Code (inc. data)   RO Data    RW Data    ZI Data      Debug   Object Name

      1080        118        440         44          0       1440   exercise07.o
       212         60         64        256          0        776   start.o

    ----------------------------------------------------------------------
      1292        178        828        300          0       2216   Object Totals
         0          0          0          0          0          0   (incl. Generated)
         0          0        324          0          0          0   (incl. Padding)

    ----------------------------------------------------------------------
         0          0          0          0          0          0   Library Totals
         0          0          0          0          0          0   (incl. Padding)

    ----------------------------------------------------------------------

==============================================================================


      Code (inc. data)   RO Data    RW Data    ZI Data      Debug   

      1292        178        828        300          0       2164   Grand Totals
      1292        178        828        300          0       2164   ELF Image Totals
      1292        178        828        300          0          0   ROM Totals

==============================================================================

    Total RO  Size (Code + RO Data)                 2120 (   2.07kB)
    Total RW  Size (RW Data + ZI Data)               300 (   0.29kB)
    Total ROM Size (Code + RO Data + RW Data)       2420 (   2.36kB)

==============================================================================

